923868.500000
75746.000000
1206576.000000
1064 1134
3.399000
bk1 920 239 1053 575
bk10a 619 827 738 1205
bk10b 598 603 738 764
bk10c 619 778 738 827
bk11 381 1030 500 1205
bk12 381 71 787 211
bk13 1186 78 1326 575
bk14a 262 1009 381 1205
bk14b 262 715 381 1009
bk14c 381 750 500 911
bk15a 787 92 1053 211
bk15b 262 78 381 414
bk16 269 589 388 715
bk17a 738 211 920 582
bk17b 738 582 920 785
bk18 738 1002 920 1205
bk19 276 470 360 589
bk2 1053 120 1186 414
bk20 388 232 738 414
bk21 1186 890 1326 1205
bk3 920 575 1053 890
bk4 1053 414 1186 974
bk5a 1193 575 1326 715
bk5b 1193 715 1326 890
bk5c 1053 974 1186 1205
bk6 920 890 1053 1205
bk7 738 785 920 883
bk8a 388 540 598 750
bk8b 360 414 738 540
bk9a 738 883 920 1002
bk9b 381 911 500 1030
bk9c 500 848 619 1205
bk9d 500 764 619 848
