13187499.500000
1347125.000000
40815040.000000
5320 7672
0.762000
M001 0 3628 0 5336 3234
M002 0 2900 1246 3572 2796
M003 0 1626 0 2634 2184
M004 0 16 0 1626 3080
M005 1 1622 2156 3008 2688
M006 0 44 3080 1906 3962
M007 0 2634 0 2984 868
M008 0 2984 0 3628 1246
M009 0 2438 2184 2900 3164
M010 0 4720 3234 5336 3528
M011 0 2368 4718 3194 5096
M012 1 2364 4130 3162 4536
M013 0 2102 4578 2368 5250
M014 0 3264 6020 3670 6944
M015 0 926 3962 1332 4802
M016 0 1332 3962 1654 4760
M017 0 1654 3962 2046 4718
M018 0 4258 3612 5336 4004
M019 0 1612 6650 2004 7476
M020 0 1500 6398 2298 6650
M021 0 2536 3892 2928 4718
M022 0 2928 4074 3880 4438
M023 0 2046 3444 2536 4578
M024 0 1668 5502 1934 6300
M025 0 1780 4718 2102 5502
M026 0 4118 4242 4468 4970
M027 0 3572 3234 3936 4074
M028 1 2098 3612 3162 4130
M029 0 4342 7014 5336 7504
M030 0 3040 6944 4342 7672
M031 0 4468 4004 4860 5054
M032 0 3936 3234 4720 3612
M033 0 3446 5068 5336 6020
M034 0 2298 5250 3446 5810
M035 1 3890 4256 4744 4648
M036 0 4888 6020 5336 7014
M037 0 3670 6020 4888 6580
M038 0 2298 5810 3264 6258
M039 0 2004 6650 2368 7434
M040 0 1276 5530 1668 6398
M041 0 1934 5502 2298 6356
M042 0 3880 4074 4258 4242
M043 1 1034 3780 1944 4312
M044 0 198 6398 1500 7028
M045 0 2368 6258 3040 7420
M046 1 740 4312 1944 4816
M047 0 464 5530 1276 5964
M048 0 86 4802 1388 5530
M049 0 1388 4760 1780 5502
bk1 1 1524 0 2056 1344
bk10a 1 3792 476 5304 952
bk10b 1 2588 532 3232 1092
bk10c 1 2756 1428 3232 1624
bk11 1 586 3052 1062 3752
bk12 1 1062 2156 1622 3780
bk13 1 502 1064 1062 3052
bk14a 0 450 3962 926 4746
bk14b 1 4184 3080 4660 4256
bk14c 1 4660 3080 5304 3556
bk15a 0 4860 4004 5336 5068
bk15b 1 3232 0 4576 476
bk16 1 4072 1792 4576 2268
bk17a 1 3820 2352 5304 3080
bk17b 1 3008 1988 3820 2716
bk18 1 3162 3612 3890 4424
bk19 1 2756 1092 3232 1428
bk2 1 2056 0 3232 532
bk20 1 4576 952 5304 2352
bk21 1 4744 3556 5304 4816
bk3 0 1906 2184 2438 3444
bk4 1 1944 3080 4184 3612
bk5a 1 964 0 1524 532
bk5b 1 824 532 1524 1064
bk5c 0 3194 4438 4118 4970
bk6 0 3040 2796 3572 4056
bk7 1 4576 0 5304 392
bk8a 1 3736 952 4576 1792
bk8b 1 3232 476 3736 1988
bk9a 0 2564 3164 3040 3892
bk9b 1 2280 1092 2756 1568
bk9c 1 1328 1680 2756 2156
bk9d 1 1580 1344 2056 1680
