5586553
662269
10510838
3087 3405
5.106
M001 0 0 171 1708 3405
M002 0 4 168 676 1718
M003 0 9 172 2193 1180
M004 0 7 183 3087 1793
M006 0 12 180 1874 1062
M007 0 4 176 354 1044
M008 0 10 176 654 1422
M009 0 1 180 981 642
M010 0 28 177 322 793
M011 0 28 163 854 541
M013 0 23 161 289 833
M014 0 22 183 428 1107
M015 0 17 197 423 1037
M016 0 17 191 339 989
M017 0 22 192 414 948
M018 0 18 183 1096 575
M019 0 19 187 411 1013
M020 0 23 187 821 439
M021 0 16 169 408 995
M022 0 11 168 963 532
M023 0 13 173 1147 663
M024 0 21 179 819 445
M025 0 19 177 803 499
M026 0 20 168 370 896
M027 0 15 163 379 1003
M029 0 15 176 505 1170
M030 0 3 190 1305 918
M031 0 17 179 409 1229
M032 0 26 184 810 562
M033 0 30 189 1920 1141
M034 0 29 194 589 1342
M036 0 13 187 1007 635
M037 0 14 183 1232 743
M038 0 34 168 482 1134
M039 0 28 172 392 956
M040 0 36 174 428 1042
M041 0 24 176 388 1030
M042 0 25 169 193 547
M044 0 18 173 648 1475
M045 0 22 173 694 1335
M047 0 37 184 471 996
M048 0 32 182 1334 910
M049 0 25 180 417 922
bk14a 0 770 1 1554 477
bk15a 0 777 3 1253 1067
bk3 0 770 5 1302 1265
bk5c 0 774 6 1306 930
bk6 0 773 3 1305 1263
bk9a 0 774 0 1502 476
M005 1 0 184 532 1570
M012 1 8 174 806 580
M028 1 0 172 518 1236
M035 1 5 187 859 579
M043 1 6 181 916 713
M046 1 11 186 1215 690
bk1 1 758 11 2102 543
bk10a 1 760 7 2272 483
bk10b 1 758 3 1402 563
bk10c 1 765 8 1241 204
bk11 1 762 6 1462 482
bk12 1 760 10 1320 1634
bk13 1 761 13 1321 2001
bk14b 1 755 13 1931 489
bk14c 1 760 0 1404 476
bk15b 1 765 4 1241 1348
bk16 1 756 0 1232 504
bk17a 1 760 5 2244 733
bk17b 1 753 5 1481 817
bk18 1 762 8 1490 820
bk19 1 749 8 1085 484
bk2 1 755 7 1287 1183
bk20 1 757 6 1485 1406
bk21 1 762 3 2022 563
bk4 1 753 11 2993 543
bk5a 1 758 14 1290 574
bk5b 1 753 8 1453 540
bk7 1 755 3 1483 395
bk8a 1 750 3 1590 843
bk8b 1 752 1 1256 1513
bk9b 1 758 8 1234 484
bk9c 1 763 11 2191 487
bk9d 1 755 10 1231 346
