20956968.000000
1066164.000000
40847772.000000
5334 7658
9.997000
M001 0 0 1708 3234
M002 2072 0 2744 1550
M003 2744 0 3752 2184
M004 2240 3052 5320 4662
M005 4802 1540 5334 2926
M006 3752 0 4634 1862
M007 3500 2184 3850 3052
M008 4634 0 5278 1246
M009 3696 4662 4676 5124
M010 4634 1246 5250 1540
M011 406 3640 784 4466
M012 0 3234 798 3640
M013 784 3724 1050 4396
M014 1694 4662 2618 5068
M015 0 3640 406 4480
M016 1218 4718 1540 5516
M017 2128 5516 2520 6272
M018 2618 4662 3696 5054
M019 1848 3724 2240 4550
M020 1050 3990 1848 4242
M021 4410 1862 4802 2688
M022 2380 1718 2744 2670
M023 798 3234 1932 3724
M024 1050 3724 1848 3990
M025 910 4396 1694 4718
M026 2520 6230 2870 6958
M027 2352 6958 3192 7322
M028 1834 6272 2352 7336
M029 3192 6622 3682 7616
M030 3682 6930 4984 7658
M031 2870 6230 3920 6622
M032 4312 6076 4690 6860
M033 3206 5124 5096 6076
M034 3850 1862 4410 3010
M035 3920 6076 4312 6930
M036 1540 5068 2534 5516
M037 0 5012 1218 5572
M038 1932 1718 2380 2684
M039 1708 0 2072 784
M040 3108 2184 3500 3052
M041 2744 2184 3108 3038
M042 2072 1550 2450 1718
M043 0 4480 910 5012
M044 1204 6328 1834 7630
M045 2534 5068 3206 6230
M046 0 6300 1204 6804
M047 1302 5516 1736 6328
M048 0 5572 1302 6300
M049 1736 5516 2128 6258
bk1 0 0 336 133
bk10a 525 0 903 119
bk10b 336 0 476 161
bk10c 476 0 525 119
bk11 0 910 175 1029
bk12 1085 0 1225 406
bk13 0 161 497 301
bk14a 175 910 371 1029
bk14b 672 679 966 798
bk14c 728 931 889 1050
bk15a 119 483 385 602
bk15b 0 301 119 637
bk16 903 350 1029 469
bk17a 119 301 490 483
bk17b 672 357 875 539
bk18 490 301 672 504
bk19 672 539 791 623
bk2 490 504 623 798
bk20 903 0 1085 350
bk21 371 1050 686 1190
bk3 0 777 315 910
bk4 448 798 1008 931
bk5a 315 602 448 742
bk5b 119 602 252 777
bk5c 1008 882 1141 1113
bk6 1141 882 1274 1197
bk7 1085 784 1267 882
bk8a 875 469 1085 679
bk8b 1085 406 1211 784
bk9a 497 119 679 238
bk9b 679 119 798 238
bk9c 371 931 728 1050
bk9d 679 238 763 357
