790403.998110
790403.998110
40943128.000000
5336 7673
0.246386
M001 2694 0 4402 3234
M002 2894 5025 3566 6579
M003 3152 6152 5336 7160
M004 0 6063 3080 7673
M005 914 6030 1446 7416
M006 0 6791 1862 7673
M007 2836 3941 3186 4809
M008 4639 219 5283 1465
M009 4356 2009 5336 2471
M010 3747 0 4041 616
M011 2659 1531 3485 1909
M012 2444 1685 3242 2091
M013 2977 1636 3243 2308
M014 1552 2591 1958 3515
M015 251 1857 657 2697
M016 845 1991 1167 2789
M017 1556 2070 1948 2826
M018 2045 1867 3123 2259
M019 695 2310 1087 3136
M020 1243 2522 2041 2774
M021 1958 5199 2350 6025
M022 1949 4546 2901 4910
M023 1434 4405 2568 4895
M024 1273 2467 2071 2733
M025 1602 2784 2386 3106
M026 2838 3300 3188 4028
M027 2188 3458 2552 4298
M028 2100 3342 2618 4406
M029 3151 378 3641 1372
M030 0 0 1302 728
M031 2276 1527 2668 2577
M032 244 3391 1028 3769
M033 0 3502 1890 4454
M034 1694 3283 2254 4431
M035 2862 1938 3716 2330
M036 2105 2604 3099 3052
M037 1591 2955 2809 3515
M038 1007 4514 1455 5480
M039 1255 4358 1619 5142
M040 375 4520 767 5388
M041 1179 3787 1543 4641
M042 1496 1513 1664 1891
M043 421 3771 1331 4303
M044 4706 2823 5336 4125
M045 4664 2223 5336 3385
M046 4041 2907 5245 3411
M047 4146 2849 4580 3661
M048 4034 2993 5336 3721
M049 3638 2588 4030 3330
