28600382.750000
762299.000000
37879744.000000
5264 7196
6.796000
M001 3628 0 5336 3234
M002 2074 1008 3628 1680
M003 1444 0 3628 1008
M004 72 3122 1682 6202
M005 1682 3836 2214 5222
M006 72 2240 1934 3122
M007 366 1834 1234 2184
M008 184 728 1430 1372
M009 450 1372 1430 1834
M010 3334 1680 3628 2296
M011 1430 1008 1808 1834
M012 1234 1834 2032 2240
M013 1808 1008 2074 1680
M014 3502 4060 4426 4466
M015 4930 5152 5336 5992
M016 4524 4158 4846 4956
M017 3768 4466 4524 4858
M018 3768 4956 4846 5348
M019 2676 4354 3502 4746
M020 2676 4102 3474 4354
M021 1780 3444 2606 3836
M022 1934 2310 2298 3262
M023 2298 2310 2788 3444
M024 2676 3836 3474 4102
M025 2984 4746 3768 5068
M026 4986 5992 5336 6720
M027 4566 5740 4930 6580
M028 4006 5740 4524 6804
M029 4846 4158 5336 5152
M030 142 0 1444 728
M031 3796 5348 4846 5740
M032 1836 5222 2214 6006
M033 324 6202 2214 7154
M034 2214 6048 2774 7196
M035 2914 5068 3768 5460
M036 2228 3836 2676 4830
M037 2214 4830 2774 6048
M038 3460 3234 4426 3682
M039 3474 3682 4258 4046
M040 4468 3234 5336 3626
M041 2606 3472 3460 3836
M042 4258 3682 4426 4060
M043 4426 3626 5336 4158
M044 2032 1680 3334 2310
M045 2788 2310 3460 3472
M046 2774 5852 3278 7056
M047 4524 6720 5336 7154
M048 3278 5852 4006 7154
M049 3054 5460 3796 5852
