11866523
1320854
22412191
5269 4253
0.043
M001 0 707 391 2415 3625
M002 0 3658 204 4330 1754
M003 0 3085 889 5269 1897
M004 0 2000 839 5080 2449
M005 1 334 2189 866 3575
M006 0 788 2358 2650 3240
M007 0 768 2704 1118 3572
M008 0 3355 1695 3999 2941
M009 0 2483 372 3463 834
M010 0 2952 2359 3246 2975
M011 0 724 2701 1550 3079
M012 1 2680 1876 3478 2282
M013 0 3153 2649 3419 3321
M014 0 1375 1567 1781 2491
M015 0 729 1758 1135 2598
M016 0 900 1405 1222 2203
M017 0 1382 29 1774 785
M018 0 2228 928 3306 1320
M019 0 1750 468 2142 1294
M020 0 1383 1842 2181 2094
M021 0 2405 1240 2797 2066
M022 0 912 1739 1864 2103
M023 0 1296 2899 2430 3389
M024 0 1622 1281 2420 1547
M025 0 1967 1529 2751 1851
M026 0 2952 2422 3302 3150
M027 0 1050 682 1414 1522
M028 1 1355 0 1873 1064
M029 0 2397 1109 2887 2103
M030 0 0 283 1302 1011
M031 0 2364 2540 2756 3590
M032 0 1005 2651 1789 3029
M033 0 154 2571 2044 3523
M034 0 3693 3105 4253 4253
M035 1 2970 2679 3824 3071
M036 0 3059 768 4053 1216
M037 0 1623 2952 2841 3512
M038 0 524 1957 972 2923
M039 0 2559 2624 2923 3408
M040 0 1736 3115 2128 3983
M041 0 999 1318 1363 2172
M042 0 2085 505 2253 883
M043 1 0 850 910 1382
M044 0 3353 1561 3983 2863
M045 0 1528 2649 2200 3811
M046 1 1844 2606 3048 3110
M047 0 1440 0 1874 812
M048 0 2264 1954 3566 2682
M049 0 2253 1600 2645 2342
bk1 1 1283 1414 2627 1946
bk10a 1 1777 1343 3289 1819
bk10b 1 1631 1499 2275 2059
bk10c 1 1706 1718 2182 1914
bk11 1 1683 1507 2383 1983
bk12 1 1555 1590 2115 3214
bk13 1 1873 1685 2433 3673
bk14a 0 1694 1559 2478 2035
bk14b 1 1364 1753 2540 2229
bk14c 1 944 2037 1588 2513
bk15a 0 1975 1388 2451 2452
bk15b 1 1255 1483 1731 2827
bk16 1 1136 1286 1612 1790
bk17a 1 1725 1430 3209 2158
bk17b 1 1433 1321 2161 2133
bk18 1 1448 1625 2176 2437
bk19 1 1402 1598 1738 2074
bk2 1 1308 1308 1840 2484
bk20 1 1700 1439 2428 2839
bk21 1 1266 1811 2526 2371
bk3 0 2494 1621 3026 2881
bk4 1 1805 1291 4045 1823
bk5a 1 1343 1542 1875 2102
bk5b 1 1290 1713 1990 2245
bk5c 0 2419 1609 2951 2533
bk6 0 2518 1895 3050 3155
bk7 1 1730 1691 2458 2083
bk8a 1 1834 1066 2674 1906
bk8b 1 650 1900 1154 3412
bk9a 0 2162 1653 2890 2129
bk9b 1 1391 1583 1867 2059
bk9c 1 1668 1682 3096 2158
bk9d 1 1566 1563 2042 1899
