134205.000000
198186.000000
70224.000000
264 266
14.373000
sb0 1 118 52 151 95
sb1 0 103 32 140 97
sb2 2 213 232 266 266
sb3 1 199 118 266 155
sb4 0 92 190 121 209
sb5 0 143 75 192 114
sb6 0 103 97 143 115
sb7 2 84 161 124 183
sb8 2 127 216 189 266
sb9 1 141 225 157 266
sb10 1 230 44 248 96
sb11 1 59 56 118 95
sb12 2 48 195 109 223
sb13 1 157 209 205 266
sb14 2 5 223 68 266
sb15 0 181 207 233 266
sb16 2 170 80 206 137
sb17 1 15 5 59 71
sb18 2 72 110 120 161
sb19 1 155 159 186 209
sb20 0 162 229 181 266
sb21 1 202 155 266 205
sb22 1 69 22 118 56
sb23 2 177 184 226 204
sb24 1 110 183 155 211
sb25 2 212 91 266 130
sb26 1 71 95 126 135
sb27 0 241 162 266 227
sb28 0 202 161 241 207
sb29 2 189 204 213 266
sb30 1 157 85 183 109
sb31 2 188 38 214 72
sb32 1 61 223 114 266
sb33 0 180 172 202 207
sb34 1 145 132 199 159
sb35 1 107 152 145 183
sb36 0 121 142 160 209
sb37 0 160 161 180 221
sb38 1 126 109 183 132
sb39 2 211 130 266 182
sb40 0 74 99 103 125
sb41 1 114 211 141 266
sb42 2 2 45 55 107
sb43 1 15 205 61 266
sb44 0 176 114 241 161
sb45 1 183 95 227 118
sb46 1 227 96 266 118
sb47 2 124 117 157 182
sb48 0 119 115 176 142
sb49 0 72 125 119 190
sb50 0 62 0 129 32
sb51 0 6 61 63 99
sb52 2 157 137 211 182
sb53 1 223 23 266 44
sb54 0 248 81 266 142
sb55 1 151 51 207 85
sb56 2 55 44 72 107
sb57 1 248 49 266 96
sb58 2 131 182 177 216
sb59 0 216 3 266 40
sb60 0 162 30 202 53
sb61 1 207 62 230 95
sb62 2 206 72 266 91
sb63 0 126 221 162 266
sb64 2 120 70 170 117
sb65 1 2 71 59 127
sb66 2 5 107 72 168
sb67 0 22 17 62 61
sb68 2 214 9 266 72
sb69 2 30 168 84 195
sb70 2 130 28 172 70
sb71 0 202 59 266 81
sb72 1 205 205 266 266
sb73 0 5 99 72 160
sb74 2 72 72 114 110
sb75 0 196 2 215 30
sb76 2 109 183 131 216
sb77 0 13 209 79 266
sb78 1 39 169 71 205
sb79 1 11 127 71 168
sb80 2 172 22 188 80
sb81 2 226 182 266 232
sb82 0 79 209 126 266
sb83 1 186 187 202 209
sb84 0 129 8 196 30
sb85 0 241 142 266 162
sb86 1 167 14 223 51
sb87 1 123 12 167 51
sb88 1 15 168 39 205
sb89 2 76 45 114 72
sb90 0 233 227 266 266
sb91 0 192 81 248 114
sb92 2 114 44 130 70
sb93 1 72 158 107 223
sb94 2 68 225 127 266
sb95 0 215 40 266 59
sb96 0 63 33 103 99
sb97 1 78 135 145 152
sb98 0 140 53 202 75
sb99 0 6 160 72 209
